Java HotSpot(TM) 64-Bit Server VM (25.221-b11) for windows-amd64 JRE (1.8.0_221-b11), built on Jul  4 2019 04:39:29 by "java_re" with MS VC++ 10.0 (VS2010)
Memory: 4k page, physical 16634836k(8053152k free), swap 17683412k(7809872k free)
CommandLine flags: -XX:+HeapDumpOnOutOfMemoryError -XX:InitialHeapSize=268435456 -XX:MaxHeapSize=4258518016 -XX:+PrintGC -XX:+PrintGCDetails -XX:+PrintGCTimeStamps -XX:+UseCompressedClassPointers -XX:+UseCompressedOops -XX:-UseGCOverheadLimit -XX:-UseLargePagesIndividualAllocation -XX:+UseParallelGC 
0.173: [GC (Allocation Failure) [PSYoungGen: 65536K->10736K(76288K)] 65536K->18368K(251392K), 0.0062522 secs] [Times: user=0.00 sys=0.00, real=0.01 secs] 
0.200: [GC (Allocation Failure) [PSYoungGen: 76272K->10720K(141824K)] 83904K->37592K(316928K), 0.0098954 secs] [Times: user=0.00 sys=0.00, real=0.01 secs] 
0.258: [GC (Allocation Failure) [PSYoungGen: 141792K->10736K(141824K)] 168664K->76128K(316928K), 0.0159902 secs] [Times: user=0.09 sys=0.02, real=0.02 secs] 
0.304: [GC (Allocation Failure) [PSYoungGen: 141808K->10752K(272896K)] 207200K->114868K(448000K), 0.0179934 secs] [Times: user=0.11 sys=0.02, real=0.02 secs] 
0.426: [GC (Allocation Failure) [PSYoungGen: 272896K->10752K(272896K)] 377012K->194380K(457216K), 0.0312936 secs] [Times: user=0.22 sys=0.02, real=0.03 secs] 
0.457: [Full GC (Ergonomics) [PSYoungGen: 10752K->4575K(272896K)] [ParOldGen: 183628K->184223K(372224K)] 194380K->188798K(645120K), [Metaspace: 3130K->3130K(1056768K)], 0.2211449 secs] [Times: user=1.31 sys=0.03, real=0.22 secs] 
0.727: [GC (Allocation Failure) [PSYoungGen: 266719K->78752K(441344K)] 450942K->262975K(813568K), 0.0373854 secs] [Times: user=0.30 sys=0.05, real=0.04 secs] 
0.889: [GC (Allocation Failure) [PSYoungGen: 441248K->104416K(593408K)] 625471K->374503K(965632K), 0.0583916 secs] [Times: user=0.38 sys=0.11, real=0.06 secs] 
1.094: [GC (Allocation Failure) [PSYoungGen: 593376K->166368K(614400K)] 863463K->512687K(986624K), 0.0765269 secs] [Times: user=0.58 sys=0.09, real=0.08 secs] 
1.171: [Full GC (Ergonomics) [PSYoungGen: 166368K->132225K(614400K)] [ParOldGen: 346319K->372046K(646144K)] 512687K->504272K(1260544K), [Metaspace: 3635K->3635K(1056768K)], 0.3295801 secs] [Times: user=1.98 sys=0.02, real=0.33 secs] 
1.660: [GC (Allocation Failure) [PSYoungGen: 580225K->229856K(677888K)] 952272K->638374K(1324032K), 0.0929969 secs] [Times: user=0.49 sys=0.01, real=0.09 secs] 
1.849: [GC (Allocation Failure) [PSYoungGen: 677856K->285152K(763904K)] 1086374K->768550K(1410048K), 0.1407774 secs] [Times: user=0.66 sys=0.06, real=0.14 secs] 
2.091: [GC (Allocation Failure) [PSYoungGen: 763872K->341504K(838144K)] 1247270K->907903K(1484288K), 0.0932314 secs] [Times: user=0.70 sys=0.05, real=0.09 secs] 
2.184: [Full GC (Ergonomics) [PSYoungGen: 341504K->255645K(838144K)] [ParOldGen: 566399K->646034K(979968K)] 907903K->901679K(1818112K), [Metaspace: 3635K->3635K(1056768K)], 0.5815916 secs] [Times: user=3.77 sys=0.09, real=0.58 secs] 
2.878: [GC (Allocation Failure) [PSYoungGen: 734365K->325920K(899584K)] 1380399K->1041986K(1879552K), 0.1849594 secs] [Times: user=1.41 sys=0.09, real=0.18 secs] 
3.169: [GC (Allocation Failure) [PSYoungGen: 812320K->450048K(936448K)] 1528386K->1182338K(1916416K), 0.1801874 secs] [Times: user=1.34 sys=0.00, real=0.18 secs] 
3.540: [GC (Allocation Failure) [PSYoungGen: 936448K->432672K(912896K)] 1668738K->1349114K(1892864K), 0.1532932 secs] [Times: user=1.14 sys=0.11, real=0.15 secs] 
3.693: [Full GC (Ergonomics) [PSYoungGen: 432672K->344665K(912896K)] [ParOldGen: 916442K->979933K(1424384K)] 1349114K->1324598K(2337280K), [Metaspace: 3639K->3639K(1056768K)], 0.9146210 secs] [Times: user=5.67 sys=0.06, real=0.91 secs] 
4.697: [GC (Allocation Failure) [PSYoungGen: 807513K->242496K(924672K)] 1787446K->1460701K(2349056K), 0.2491319 secs] [Times: user=1.91 sys=0.06, real=0.24 secs] 
4.946: [Full GC (Ergonomics) [PSYoungGen: 242496K->30780K(924672K)] [ParOldGen: 1218205K->1424255K(1991168K)] 1460701K->1455036K(2915840K), [Metaspace: 3644K->3644K(1056768K)], 0.8798024 secs] [Times: user=6.00 sys=0.13, real=0.89 secs] 
5.921: [GC (Allocation Failure) [PSYoungGen: 493628K->133472K(924672K)] 1917884K->1589143K(2915840K), 0.1336138 secs] [Times: user=0.91 sys=0.00, real=0.13 secs] 
6.151: [GC (Allocation Failure) [PSYoungGen: 596320K->133504K(924672K)] 2051991K->1724295K(2915840K), 0.1161457 secs] [Times: user=0.91 sys=0.05, real=0.12 secs] 
6.360: [GC (Allocation Failure) [PSYoungGen: 596352K->133472K(924672K)] 2187143K->1859391K(2915840K), 0.1163311 secs] [Times: user=0.83 sys=0.03, real=0.12 secs] 
6.569: [GC (Allocation Failure) [PSYoungGen: 596320K->133472K(924672K)] 2322239K->1994495K(2915840K), 0.1222547 secs] [Times: user=0.69 sys=0.14, real=0.12 secs] 
6.691: [Full GC (Ergonomics) [PSYoungGen: 133472K->0K(924672K)] [ParOldGen: 1861023K->1985541K(2642432K)] 1994495K->1985541K(3567104K), [Metaspace: 3644K->3644K(1056768K)], 1.1922069 secs] [Times: user=7.08 sys=0.06, real=1.19 secs] 
7.992: [GC (Allocation Failure) [PSYoungGen: 462848K->133536K(924672K)] 2448389K->2119077K(3567104K), 0.0543631 secs] [Times: user=0.45 sys=0.00, real=0.06 secs] 
8.148: [GC (Allocation Failure) [PSYoungGen: 596384K->133472K(596480K)] 2581925K->2254173K(3238912K), 0.1194012 secs] [Times: user=0.91 sys=0.06, real=0.12 secs] 
8.368: [GC (Allocation Failure) [PSYoungGen: 596320K->266880K(905216K)] 2717021K->2387581K(3547648K), 0.1114463 secs] [Times: user=0.89 sys=0.00, real=0.11 secs] 
8.755: [GC (Allocation Failure) [PSYoungGen: 725120K->445920K(909824K)] 2845821K->2566621K(3552256K), 0.1365510 secs] [Times: user=1.13 sys=0.00, real=0.14 secs] 
8.978: [GC (Allocation Failure) [PSYoungGen: 904160K->311136K(924672K)] 3024861K->2702293K(3567104K), 0.1627517 secs] [Times: user=1.19 sys=0.08, real=0.16 secs] 
9.141: [Full GC (Ergonomics) [PSYoungGen: 311136K->18017K(924672K)] [ParOldGen: 2391157K->2642004K(2772992K)] 2702293K->2660021K(3697664K), [Metaspace: 3644K->3644K(1056768K)], 1.4793212 secs] [Times: user=10.39 sys=0.11, real=1.48 secs] 
10.719: [Full GC (Ergonomics) [PSYoungGen: 480865K->19777K(924672K)] [ParOldGen: 2642004K->2772870K(2772992K)] 3122869K->2792648K(3697664K), [Metaspace: 3644K->3644K(1056768K)], 1.3926766 secs] [Times: user=9.83 sys=0.14, real=1.39 secs] 
12.216: [Full GC (Ergonomics) [PSYoungGen: 462848K->146737K(924672K)] [ParOldGen: 2772870K->2772870K(2772992K)] 3235718K->2919608K(3697664K), [Metaspace: 3644K->3644K(1056768K)], 1.3541965 secs] [Times: user=10.16 sys=0.03, real=1.35 secs] 
13.641: [Full GC (Ergonomics) [PSYoungGen: 462848K->237318K(924672K)] [ParOldGen: 2772870K->2772870K(2772992K)] 3235718K->3010189K(3697664K), [Metaspace: 3644K->3644K(1056768K)], 1.4166996 secs] [Times: user=10.30 sys=0.01, real=1.42 secs] 
15.106: [Full GC (Ergonomics) [PSYoungGen: 462848K->301943K(924672K)] [ParOldGen: 2772870K->2772870K(2772992K)] 3235718K->3074813K(3697664K), [Metaspace: 3644K->3644K(1056768K)], 1.4406818 secs] [Times: user=10.47 sys=0.00, real=1.44 secs] 
16.585: [Full GC (Ergonomics) [PSYoungGen: 462848K->348047K(924672K)] [ParOldGen: 2772870K->2772870K(2772992K)] 3235718K->3120918K(3697664K), [Metaspace: 3644K->3644K(1056768K)], 1.5913525 secs] [Times: user=9.86 sys=0.02, real=1.59 secs] 
18.207: [Full GC (Ergonomics) [PSYoungGen: 462848K->380943K(924672K)] [ParOldGen: 2772870K->2772870K(2772992K)] 3235718K->3153813K(3697664K), [Metaspace: 3644K->3644K(1056768K)], 1.5678923 secs] [Times: user=10.36 sys=0.00, real=1.57 secs] 
19.799: [Full GC (Ergonomics) [PSYoungGen: 462848K->404410K(924672K)] [ParOldGen: 2772870K->2772870K(2772992K)] 3235718K->3177280K(3697664K), [Metaspace: 3644K->3644K(1056768K)], 1.7512759 secs] [Times: user=12.23 sys=0.01, real=1.75 secs] 
21.565: [Full GC (Ergonomics) [PSYoungGen: 462848K->421154K(924672K)] [ParOldGen: 2772870K->2772870K(2772992K)] 3235718K->3194024K(3697664K), [Metaspace: 3644K->3644K(1056768K)], 1.9165762 secs] [Times: user=12.59 sys=0.00, real=1.92 secs] 
23.497: [Full GC (Ergonomics) [PSYoungGen: 462848K->433101K(924672K)] [ParOldGen: 2772870K->2772870K(2772992K)] 3235718K->3205971K(3697664K), [Metaspace: 3644K->3644K(1056768K)], 1.8503357 secs] [Times: user=13.11 sys=0.03, real=1.85 secs] 
25.355: [Full GC (Ergonomics) [PSYoungGen: 462848K->441624K(924672K)] [ParOldGen: 2772870K->2772870K(2772992K)] 3235718K->3214495K(3697664K), [Metaspace: 3644K->3644K(1056768K)], 1.8591798 secs] [Times: user=12.89 sys=0.05, real=1.86 secs] 
27.221: [Full GC (Ergonomics) [PSYoungGen: 462848K->447706K(924672K)] [ParOldGen: 2772870K->2772870K(2772992K)] 3235718K->3220576K(3697664K), [Metaspace: 3644K->3644K(1056768K)], 2.0584684 secs] [Times: user=13.91 sys=0.01, real=2.06 secs] 
29.285: [Full GC (Ergonomics) [PSYoungGen: 462848K->452042K(924672K)] [ParOldGen: 2772870K->2772870K(2772992K)] 3235718K->3224913K(3697664K), [Metaspace: 3644K->3644K(1056768K)], 1.9245507 secs] [Times: user=13.24 sys=0.00, real=1.92 secs] 
31.213: [Full GC (Ergonomics) [PSYoungGen: 462848K->455137K(924672K)] [ParOldGen: 2772870K->2772870K(2772992K)] 3235718K->3228008K(3697664K), [Metaspace: 3644K->3644K(1056768K)], 1.8553109 secs] [Times: user=13.17 sys=0.02, real=1.85 secs] 
33.070: [Full GC (Ergonomics) [PSYoungGen: 462848K->457346K(924672K)] [ParOldGen: 2772870K->2772870K(2772992K)] 3235718K->3230217K(3697664K), [Metaspace: 3644K->3644K(1056768K)], 1.7703342 secs] [Times: user=13.45 sys=0.00, real=1.77 secs] 
34.842: [Full GC (Ergonomics) [PSYoungGen: 462848K->458922K(924672K)] [ParOldGen: 2772870K->2772870K(2772992K)] 3235718K->3231792K(3697664K), [Metaspace: 3644K->3644K(1056768K)], 1.7533435 secs] [Times: user=13.50 sys=0.01, real=1.75 secs] 
36.597: [Full GC (Ergonomics) [PSYoungGen: 462848K->460046K(924672K)] [ParOldGen: 2772870K->2772870K(2772992K)] 3235718K->3232917K(3697664K), [Metaspace: 3644K->3644K(1056768K)], 1.7536214 secs] [Times: user=13.75 sys=0.02, real=1.75 secs] 
38.351: [Full GC (Ergonomics) [PSYoungGen: 462848K->460848K(924672K)] [ParOldGen: 2772870K->2772870K(2772992K)] 3235718K->3233719K(3697664K), [Metaspace: 3644K->3644K(1056768K)], 1.7560994 secs] [Times: user=13.78 sys=0.02, real=1.76 secs] 
40.108: [Full GC (Ergonomics) [PSYoungGen: 462848K->461420K(924672K)] [ParOldGen: 2772870K->2772870K(2772992K)] 3235718K->3234291K(3697664K), [Metaspace: 3644K->3644K(1056768K)], 1.8141221 secs] [Times: user=13.51 sys=0.03, real=1.81 secs] 
41.922: [Full GC (Ergonomics) [PSYoungGen: 462848K->461829K(924672K)] [ParOldGen: 2772870K->2772870K(2772992K)] 3235718K->3234700K(3697664K), [Metaspace: 3644K->3644K(1056768K)], 1.7337284 secs] [Times: user=13.45 sys=0.02, real=1.73 secs] 
43.657: [Full GC (Ergonomics) [PSYoungGen: 462848K->462120K(924672K)] [ParOldGen: 2772870K->2772870K(2772992K)] 3235718K->3234991K(3697664K), [Metaspace: 3644K->3644K(1056768K)], 1.7426297 secs] [Times: user=13.64 sys=0.01, real=1.74 secs] 
45.400: [Full GC (Ergonomics) [PSYoungGen: 462848K->462328K(924672K)] [ParOldGen: 2772870K->2772870K(2772992K)] 3235718K->3235199K(3697664K), [Metaspace: 3644K->3644K(1056768K)], 1.7443184 secs] [Times: user=13.75 sys=0.02, real=1.74 secs] 
47.144: [Full GC (Ergonomics) [PSYoungGen: 462848K->462476K(924672K)] [ParOldGen: 2772870K->2772870K(2772992K)] 3235718K->3235347K(3697664K), [Metaspace: 3644K->3644K(1056768K)], 1.8529614 secs] [Times: user=13.52 sys=0.00, real=1.85 secs] 
48.997: [Full GC (Ergonomics) [PSYoungGen: 462848K->462581K(924672K)] [ParOldGen: 2772870K->2772870K(2772992K)] 3235718K->3235452K(3697664K), [Metaspace: 3644K->3644K(1056768K)], 2.0502917 secs] [Times: user=12.45 sys=0.00, real=2.05 secs] 
51.048: [Full GC (Ergonomics) [PSYoungGen: 462848K->462657K(924672K)] [ParOldGen: 2772870K->2772870K(2772992K)] 3235718K->3235528K(3697664K), [Metaspace: 3644K->3644K(1056768K)], 1.9455479 secs] [Times: user=11.86 sys=0.03, real=1.95 secs] 
52.994: [Full GC (Ergonomics) [PSYoungGen: 462847K->462711K(924672K)] [ParOldGen: 2772870K->2772870K(2772992K)] 3235718K->3235582K(3697664K), [Metaspace: 3644K->3644K(1056768K)], 1.7791081 secs] [Times: user=13.33 sys=0.00, real=1.78 secs] 
54.773: [Full GC (Ergonomics) [PSYoungGen: 462848K->462750K(924672K)] [ParOldGen: 2772870K->2772870K(2772992K)] 3235718K->3235621K(3697664K), [Metaspace: 3644K->3644K(1056768K)], 1.7980290 secs] [Times: user=13.05 sys=0.00, real=1.80 secs] 
56.571: [Full GC (Ergonomics) [PSYoungGen: 462848K->462778K(924672K)] [ParOldGen: 2772870K->2772870K(2772992K)] 3235718K->3235648K(3697664K), [Metaspace: 3644K->3644K(1056768K)], 1.8504802 secs] [Times: user=13.56 sys=0.02, real=1.85 secs] 
58.422: [Full GC (Ergonomics) [PSYoungGen: 462848K->462797K(924672K)] [ParOldGen: 2772870K->2772870K(2772992K)] 3235718K->3235668K(3697664K), [Metaspace: 3644K->3644K(1056768K)], 1.7838495 secs] [Times: user=13.80 sys=0.00, real=1.78 secs] 
60.206: [Full GC (Ergonomics) [PSYoungGen: 462848K->462811K(924672K)] [ParOldGen: 2772870K->2772870K(2772992K)] 3235718K->3235682K(3697664K), [Metaspace: 3644K->3644K(1056768K)], 1.7884744 secs] [Times: user=13.58 sys=0.02, real=1.79 secs] 
61.995: [Full GC (Ergonomics) [PSYoungGen: 462848K->462821K(924672K)] [ParOldGen: 2772870K->2772870K(2772992K)] 3235718K->3235692K(3697664K), [Metaspace: 3644K->3644K(1056768K)], 1.7959103 secs] [Times: user=13.78 sys=0.00, real=1.80 secs] 
63.791: [Full GC (Ergonomics) [PSYoungGen: 462848K->462829K(924672K)] [ParOldGen: 2772870K->2772870K(2772992K)] 3235718K->3235699K(3697664K), [Metaspace: 3644K->3644K(1056768K)], 1.8025781 secs] [Times: user=13.88 sys=0.02, real=1.80 secs] 
65.594: [Full GC (Ergonomics) [PSYoungGen: 462848K->462834K(924672K)] [ParOldGen: 2772870K->2772870K(2772992K)] 3235718K->3235705K(3697664K), [Metaspace: 3644K->3644K(1056768K)], 1.7914872 secs] [Times: user=13.86 sys=0.03, real=1.79 secs] 
67.385: [Full GC (Ergonomics) [PSYoungGen: 462847K->462838K(924672K)] [ParOldGen: 2772870K->2772870K(2772992K)] 3235718K->3235708K(3697664K), [Metaspace: 3644K->3644K(1056768K)], 1.7996550 secs] [Times: user=14.02 sys=0.00, real=1.80 secs] 
69.185: [Full GC (Ergonomics) [PSYoungGen: 462847K->462840K(924672K)] [ParOldGen: 2772870K->2772870K(2772992K)] 3235718K->3235711K(3697664K), [Metaspace: 3644K->3644K(1056768K)], 1.8052409 secs] [Times: user=13.97 sys=0.00, real=1.81 secs] 
70.991: [Full GC (Ergonomics) [PSYoungGen: 462848K->462842K(924672K)] [ParOldGen: 2772870K->2772870K(2772992K)] 3235718K->3235713K(3697664K), [Metaspace: 3644K->3644K(1056768K)], 1.8097937 secs] [Times: user=13.91 sys=0.00, real=1.81 secs] 
72.801: [Full GC (Ergonomics) [PSYoungGen: 462848K->462844K(924672K)] [ParOldGen: 2772870K->2772870K(2772992K)] 3235718K->3235714K(3697664K), [Metaspace: 3644K->3644K(1056768K)], 1.8061923 secs] [Times: user=13.83 sys=0.00, real=1.81 secs] 
74.607: [Full GC (Ergonomics) [PSYoungGen: 462848K->462845K(924672K)] [ParOldGen: 2772870K->2772870K(2772992K)] 3235718K->3235716K(3697664K), [Metaspace: 3644K->3644K(1056768K)], 1.8010362 secs] [Times: user=13.86 sys=0.00, real=1.80 secs] 
76.408: [Full GC (Ergonomics) [PSYoungGen: 462847K->462845K(924672K)] [ParOldGen: 2772870K->2772870K(2772992K)] 3235718K->3235716K(3697664K), [Metaspace: 3644K->3644K(1056768K)], 1.8261077 secs] [Times: user=13.48 sys=0.00, real=1.83 secs] 
78.235: [Full GC (Ergonomics) [PSYoungGen: 462848K->462846K(924672K)] [ParOldGen: 2772870K->2772870K(2772992K)] 3235718K->3235717K(3697664K), [Metaspace: 3644K->3644K(1056768K)], 1.8297392 secs] [Times: user=13.73 sys=0.02, real=1.83 secs] 
80.065: [Full GC (Ergonomics) [PSYoungGen: 462848K->462846K(924672K)] [ParOldGen: 2772870K->2772870K(2772992K)] 3235718K->3235717K(3697664K), [Metaspace: 3644K->3644K(1056768K)], 1.8039989 secs] [Times: user=13.81 sys=0.00, real=1.80 secs] 
81.869: [Full GC (Ergonomics) [PSYoungGen: 462848K->462847K(924672K)] [ParOldGen: 2772870K->2772870K(2772992K)] 3235718K->3235717K(3697664K), [Metaspace: 3644K->3644K(1056768K)], 1.7997019 secs] [Times: user=13.86 sys=0.01, real=1.80 secs] 
83.669: [Full GC (Ergonomics) [PSYoungGen: 462848K->462847K(924672K)] [ParOldGen: 2772870K->2772870K(2772992K)] 3235718K->3235717K(3697664K), [Metaspace: 3644K->3644K(1056768K)], 1.8237364 secs] [Times: user=13.49 sys=0.00, real=1.82 secs] 
85.493: [Full GC (Ergonomics) [PSYoungGen: 462848K->462847K(924672K)] [ParOldGen: 2772870K->2772870K(2772992K)] 3235718K->3235718K(3697664K), [Metaspace: 3644K->3644K(1056768K)], 1.8031271 secs] [Times: user=13.76 sys=0.00, real=1.80 secs] 
87.296: [Full GC (Ergonomics) [PSYoungGen: 462848K->462847K(924672K)] [ParOldGen: 2772881K->2772873K(2772992K)] 3235729K->3235721K(3697664K), [Metaspace: 3644K->3644K(1056768K)], 1.8756463 secs] [Times: user=13.89 sys=0.03, real=1.88 secs] 
89.172: [Full GC (Ergonomics) [PSYoungGen: 462847K->462847K(924672K)] [ParOldGen: 2772873K->2772873K(2772992K)] 3235721K->3235721K(3697664K), [Metaspace: 3644K->3644K(1056768K)], 1.8013839 secs] [Times: user=14.06 sys=0.03, real=1.80 secs] 
90.973: [Full GC (Ergonomics) [PSYoungGen: 462848K->462847K(924672K)] [ParOldGen: 2772885K->2772877K(2772992K)] 3235733K->3235724K(3697664K), [Metaspace: 3644K->3644K(1056768K)], 1.8029282 secs] [Times: user=13.88 sys=0.02, real=1.80 secs] 
92.776: [Full GC (Ergonomics) [PSYoungGen: 462848K->462847K(924672K)] [ParOldGen: 2772877K->2772877K(2772992K)] 3235725K->3235725K(3697664K), [Metaspace: 3644K->3644K(1056768K)], 1.7959543 secs] [Times: user=14.02 sys=0.00, real=1.80 secs] 
94.573: [Full GC (Ergonomics) [PSYoungGen: 462848K->462847K(924672K)] [ParOldGen: 2772888K->2772880K(2772992K)] 3235736K->3235728K(3697664K), [Metaspace: 3644K->3644K(1056768K)], 1.8332746 secs] [Times: user=13.53 sys=0.00, real=1.83 secs] 
96.406: [Full GC (Ergonomics) [PSYoungGen: 462848K->462847K(924672K)] [ParOldGen: 2772880K->2772880K(2772992K)] 3235728K->3235728K(3697664K), [Metaspace: 3644K->3644K(1056768K)], 1.8171485 secs] [Times: user=13.92 sys=0.01, real=1.82 secs] 
98.223: [Full GC (Ergonomics) [PSYoungGen: 462848K->462848K(924672K)] [ParOldGen: 2772880K->2772880K(2772992K)] 3235728K->3235728K(3697664K), [Metaspace: 3644K->3644K(1056768K)], 1.8624041 secs] [Times: user=13.56 sys=0.00, real=1.86 secs] 
100.086: [Full GC (Ergonomics) [PSYoungGen: 462848K->462848K(924672K)] [ParOldGen: 2772890K->2772883K(2772992K)] 3235738K->3235731K(3697664K), [Metaspace: 3644K->3644K(1056768K)], 1.8536174 secs] [Times: user=13.55 sys=0.03, real=1.86 secs] 
101.940: [Full GC (Ergonomics) [PSYoungGen: 462848K->462848K(924672K)] [ParOldGen: 2772893K->2772886K(2772992K)] 3235741K->3235734K(3697664K), [Metaspace: 3644K->3644K(1056768K)], 1.9155045 secs] [Times: user=13.45 sys=0.03, real=1.91 secs] 
103.856: [Full GC (Ergonomics) [PSYoungGen: 462848K->462848K(924672K)] [ParOldGen: 2772897K->2772889K(2772992K)] 3235745K->3235737K(3697664K), [Metaspace: 3644K->3644K(1056768K)], 1.9198255 secs] [Times: user=13.39 sys=0.00, real=1.93 secs] 
105.776: [Full GC (Ergonomics) [PSYoungGen: 462848K->462848K(924672K)] [ParOldGen: 2772900K->2772892K(2772992K)] 3235748K->3235740K(3697664K), [Metaspace: 3644K->3644K(1056768K)], 1.8153669 secs] [Times: user=13.64 sys=0.00, real=1.82 secs] 
107.591: [Full GC (Ergonomics) [PSYoungGen: 462848K->462848K(924672K)] [ParOldGen: 2772903K->2772895K(2772992K)] 3235751K->3235743K(3697664K), [Metaspace: 3644K->3644K(1056768K)], 1.8234991 secs] [Times: user=13.73 sys=0.02, real=1.82 secs] 
109.415: [Full GC (Ergonomics) [PSYoungGen: 462848K->462848K(924672K)] [ParOldGen: 2772906K->2772898K(2772992K)] 3235754K->3235746K(3697664K), [Metaspace: 3644K->3644K(1056768K)], 1.8109168 secs] [Times: user=13.91 sys=0.00, real=1.81 secs] 
111.226: [Full GC (Ergonomics) [PSYoungGen: 462848K->462848K(924672K)] [ParOldGen: 2772909K->2772901K(2772992K)] 3235757K->3235749K(3697664K), [Metaspace: 3644K->3644K(1056768K)], 1.8250714 secs] [Times: user=13.99 sys=0.03, real=1.82 secs] 
113.051: [Full GC (Ergonomics) [PSYoungGen: 462848K->462848K(924672K)] [ParOldGen: 2772912K->2772904K(2772992K)] 3235760K->3235752K(3697664K), [Metaspace: 3644K->3644K(1056768K)], 1.8452595 secs] [Times: user=13.80 sys=0.00, real=1.85 secs] 
114.897: [Full GC (Ergonomics) [PSYoungGen: 462848K->462848K(924672K)] [ParOldGen: 2772915K->2772907K(2772992K)] 3235763K->3235755K(3697664K), [Metaspace: 3644K->3644K(1056768K)], 1.8473550 secs] [Times: user=13.52 sys=0.00, real=1.85 secs] 
116.744: [Full GC (Ergonomics) [PSYoungGen: 462848K->462848K(924672K)] [ParOldGen: 2772918K->2772910K(2772992K)] 3235766K->3235758K(3697664K), [Metaspace: 3644K->3644K(1056768K)], 1.7838592 secs] [Times: user=13.98 sys=0.03, real=1.78 secs] 
118.529: [Full GC (Ergonomics) [PSYoungGen: 462848K->462848K(924672K)] [ParOldGen: 2772921K->2772913K(2772992K)] 3235769K->3235761K(3697664K), [Metaspace: 3644K->3644K(1056768K)], 1.7876579 secs] [Times: user=14.05 sys=0.00, real=1.79 secs] 
120.316: [Full GC (Ergonomics) [PSYoungGen: 462848K->462848K(924672K)] [ParOldGen: 2772924K->2772916K(2772992K)] 3235772K->3235764K(3697664K), [Metaspace: 3644K->3644K(1056768K)], 1.8005891 secs] [Times: user=13.98 sys=0.00, real=1.80 secs] 
122.117: [Full GC (Ergonomics) [PSYoungGen: 462848K->462848K(924672K)] [ParOldGen: 2772927K->2772920K(2772992K)] 3235775K->3235768K(3697664K), [Metaspace: 3644K->3644K(1056768K)], 1.7912138 secs] [Times: user=13.95 sys=0.01, real=1.79 secs] 
123.909: [Full GC (Ergonomics) [PSYoungGen: 462848K->462848K(924672K)] [ParOldGen: 2772930K->2772923K(2772992K)] 3235778K->3235771K(3697664K), [Metaspace: 3644K->3644K(1056768K)], 1.8254778 secs] [Times: user=13.88 sys=0.00, real=1.83 secs] 
125.734: [Full GC (Ergonomics) [PSYoungGen: 462848K->462848K(924672K)] [ParOldGen: 2772933K->2772926K(2772992K)] 3235781K->3235774K(3697664K), [Metaspace: 3644K->3644K(1056768K)], 1.8131077 secs] [Times: user=13.81 sys=0.00, real=1.81 secs] 
127.548: [Full GC (Ergonomics) [PSYoungGen: 462848K->462848K(924672K)] [ParOldGen: 2772936K->2772929K(2772992K)] 3235784K->3235777K(3697664K), [Metaspace: 3644K->3644K(1056768K)], 1.7933446 secs] [Times: user=14.05 sys=0.00, real=1.79 secs] 
129.341: [Full GC (Ergonomics) [PSYoungGen: 462848K->462848K(924672K)] [ParOldGen: 2772939K->2772932K(2772992K)] 3235787K->3235780K(3697664K), [Metaspace: 3644K->3644K(1056768K)], 1.7939347 secs] [Times: user=13.94 sys=0.03, real=1.79 secs] 
131.135: [Full GC (Ergonomics) [PSYoungGen: 462848K->462848K(924672K)] [ParOldGen: 2772942K->2772935K(2772992K)] 3235790K->3235783K(3697664K), [Metaspace: 3644K->3644K(1056768K)], 1.8243555 secs] [Times: user=14.23 sys=0.03, real=1.82 secs] 
132.960: [Full GC (Ergonomics) [PSYoungGen: 462848K->462848K(924672K)] [ParOldGen: 2772946K->2772938K(2772992K)] 3235794K->3235786K(3697664K), [Metaspace: 3644K->3644K(1056768K)], 1.8221796 secs] [Times: user=14.31 sys=0.00, real=1.82 secs] 
134.782: [Full GC (Ergonomics) [PSYoungGen: 462848K->462848K(924672K)] [ParOldGen: 2772949K->2772941K(2772992K)] 3235797K->3235789K(3697664K), [Metaspace: 3644K->3644K(1056768K)], 1.8289880 secs] [Times: user=14.16 sys=0.00, real=1.83 secs] 
136.611: [Full GC (Ergonomics) [PSYoungGen: 462848K->462848K(924672K)] [ParOldGen: 2772952K->2772944K(2772992K)] 3235800K->3235792K(3697664K), [Metaspace: 3644K->3644K(1056768K)], 1.8324452 secs] [Times: user=14.47 sys=0.00, real=1.83 secs] 
138.444: [Full GC (Ergonomics) [PSYoungGen: 462848K->462848K(924672K)] [ParOldGen: 2772955K->2772947K(2772992K)] 3235803K->3235795K(3697664K), [Metaspace: 3644K->3644K(1056768K)], 1.8636702 secs] [Times: user=14.06 sys=0.00, real=1.87 secs] 
140.308: [Full GC (Ergonomics) [PSYoungGen: 462848K->462848K(924672K)] [ParOldGen: 2772958K->2772950K(2772992K)] 3235806K->3235798K(3697664K), [Metaspace: 3644K->3644K(1056768K)], 1.8382508 secs] [Times: user=13.89 sys=0.00, real=1.83 secs] 
142.146: [Full GC (Ergonomics) [PSYoungGen: 462848K->462848K(924672K)] [ParOldGen: 2772961K->2772953K(2772992K)] 3235809K->3235801K(3697664K), [Metaspace: 3644K->3644K(1056768K)], 1.8151358 secs] [Times: user=14.14 sys=0.00, real=1.82 secs] 
143.962: [Full GC (Ergonomics) [PSYoungGen: 462848K->462848K(924672K)] [ParOldGen: 2772964K->2772956K(2772992K)] 3235812K->3235804K(3697664K), [Metaspace: 3644K->3644K(1056768K)], 1.8175549 secs] [Times: user=14.19 sys=0.00, real=1.82 secs] 
145.779: [Full GC (Ergonomics) [PSYoungGen: 462848K->462848K(924672K)] [ParOldGen: 2772967K->2772959K(2772992K)] 3235815K->3235807K(3697664K), [Metaspace: 3644K->3644K(1056768K)], 1.8107239 secs] [Times: user=14.28 sys=0.00, real=1.81 secs] 
147.590: [Full GC (Ergonomics) [PSYoungGen: 462848K->462848K(924672K)] [ParOldGen: 2772970K->2772962K(2772992K)] 3235818K->3235810K(3697664K), [Metaspace: 3644K->3644K(1056768K)], 1.8296554 secs] [Times: user=14.19 sys=0.05, real=1.83 secs] 
149.420: [Full GC (Ergonomics) [PSYoungGen: 462848K->462848K(924672K)] [ParOldGen: 2772973K->2772965K(2772992K)] 3235821K->3235813K(3697664K), [Metaspace: 3644K->3644K(1056768K)], 1.8576935 secs] [Times: user=13.73 sys=0.00, real=1.86 secs] 
151.278: [Full GC (Ergonomics) [PSYoungGen: 462848K->462848K(924672K)] [ParOldGen: 2772976K->2772969K(2772992K)] 3235824K->3235817K(3697664K), [Metaspace: 3644K->3644K(1056768K)], 1.8607284 secs] [Times: user=13.70 sys=0.00, real=1.86 secs] 
153.139: [Full GC (Ergonomics) [PSYoungGen: 462848K->462848K(924672K)] [ParOldGen: 2772979K->2772972K(2772992K)] 3235827K->3235820K(3697664K), [Metaspace: 3644K->3644K(1056768K)], 1.8975631 secs] [Times: user=13.86 sys=0.00, real=1.90 secs] 
155.037: [Full GC (Ergonomics) [PSYoungGen: 462848K->462848K(924672K)] [ParOldGen: 2772982K->2772975K(2772992K)] 3235830K->3235823K(3697664K), [Metaspace: 3644K->3644K(1056768K)], 1.9213247 secs] [Times: user=13.78 sys=0.01, real=1.92 secs] 
156.958: [Full GC (Ergonomics) [PSYoungGen: 462848K->462848K(924672K)] [ParOldGen: 2772985K->2772978K(2772992K)] 3235833K->3235826K(3697664K), [Metaspace: 3644K->3644K(1056768K)], 1.8494903 secs] [Times: user=14.03 sys=0.02, real=1.84 secs] 
158.808: [Full GC (Ergonomics) [PSYoungGen: 462848K->462848K(924672K)] [ParOldGen: 2772988K->2772981K(2772992K)] 3235836K->3235829K(3697664K), [Metaspace: 3644K->3644K(1056768K)], 1.9494629 secs] [Times: user=13.88 sys=0.02, real=1.95 secs] 
160.758: [Full GC (Ergonomics) [PSYoungGen: 462848K->462848K(924672K)] [ParOldGen: 2772991K->2772984K(2772992K)] 3235839K->3235832K(3697664K), [Metaspace: 3644K->3644K(1056768K)], 1.8357564 secs] [Times: user=13.77 sys=0.00, real=1.84 secs] 
162.594: [Full GC (Ergonomics) [PSYoungGen: 462848K->462848K(924672K)] [ParOldGen: 2772991K->2772986K(2772992K)] 3235839K->3235834K(3697664K), [Metaspace: 3644K->3644K(1056768K)], 1.8487478 secs] [Times: user=13.64 sys=0.06, real=1.84 secs] 
164.443: [Full GC (Ergonomics) [PSYoungGen: 462848K->462848K(924672K)] [ParOldGen: 2772989K->2772987K(2772992K)] 3235837K->3235835K(3697664K), [Metaspace: 3644K->3644K(1056768K)], 1.8633864 secs] [Times: user=13.74 sys=0.00, real=1.87 secs] 
166.306: [Full GC (Ergonomics) [PSYoungGen: 462848K->462848K(924672K)] [ParOldGen: 2772991K->2772988K(2772992K)] 3235839K->3235836K(3697664K), [Metaspace: 3644K->3644K(1056768K)], 1.8832152 secs] [Times: user=13.80 sys=0.00, real=1.88 secs] 
168.190: [Full GC (Ergonomics) [PSYoungGen: 462848K->462848K(924672K)] [ParOldGen: 2772991K->2772989K(2772992K)] 3235839K->3235837K(3697664K), [Metaspace: 3644K->3644K(1056768K)], 1.8577113 secs] [Times: user=13.58 sys=0.00, real=1.86 secs] 
170.048: [Full GC (Ergonomics) [PSYoungGen: 462848K->462848K(924672K)] [ParOldGen: 2772991K->2772990K(2772992K)] 3235839K->3235838K(3697664K), [Metaspace: 3644K->3644K(1056768K)], 1.8159998 secs] [Times: user=13.50 sys=0.02, real=1.82 secs] 
171.864: [Full GC (Ergonomics) [PSYoungGen: 462848K->462848K(924672K)] [ParOldGen: 2772991K->2772990K(2772992K)] 3235839K->3235838K(3697664K), [Metaspace: 3644K->3644K(1056768K)], 1.7978573 secs] [Times: user=13.81 sys=0.00, real=1.80 secs] 
173.662: [Full GC (Ergonomics) [PSYoungGen: 462848K->462848K(924672K)] [ParOldGen: 2772991K->2772990K(2772992K)] 3235839K->3235838K(3697664K), [Metaspace: 3644K->3644K(1056768K)], 1.7985690 secs] [Times: user=14.08 sys=0.00, real=1.80 secs] 
175.461: [Full GC (Ergonomics) [PSYoungGen: 462848K->462848K(924672K)] [ParOldGen: 2772991K->2772991K(2772992K)] 3235839K->3235839K(3697664K), [Metaspace: 3644K->3644K(1056768K)], 1.8604770 secs] [Times: user=13.66 sys=0.00, real=1.86 secs] 
177.321: [Full GC (Ergonomics) [PSYoungGen: 462848K->462848K(924672K)] [ParOldGen: 2772991K->2772991K(2772992K)] 3235839K->3235839K(3697664K), [Metaspace: 3644K->3644K(1056768K)], 1.8908744 secs] [Times: user=14.11 sys=0.01, real=1.89 secs] 
179.212: [Full GC (Ergonomics) [PSYoungGen: 462848K->462848K(924672K)] [ParOldGen: 2772991K->2772991K(2772992K)] 3235839K->3235839K(3697664K), [Metaspace: 3644K->3644K(1056768K)], 1.9245218 secs] [Times: user=13.91 sys=0.03, real=1.92 secs] 
181.137: [Full GC (Allocation Failure) [PSYoungGen: 462848K->462848K(924672K)] [ParOldGen: 2772991K->2772939K(2772992K)] 3235839K->3235787K(3697664K), [Metaspace: 3644K->3644K(1056768K)], 3.1274881 secs] [Times: user=20.98 sys=0.22, real=3.13 secs] 
184.265: [Full GC (Ergonomics) [PSYoungGen: 462848K->462848K(924672K)] [ParOldGen: 2772947K->2772941K(2772992K)] 3235795K->3235789K(3697664K), [Metaspace: 3644K->3644K(1056768K)], 1.9439601 secs] [Times: user=13.73 sys=0.02, real=1.94 secs] 
186.209: [Full GC (Ergonomics) [PSYoungGen: 462848K->462848K(924672K)] [ParOldGen: 2772952K->2772944K(2772992K)] 3235800K->3235792K(3697664K), [Metaspace: 3644K->3644K(1056768K)], 1.9160946 secs] [Times: user=14.11 sys=0.00, real=1.92 secs] 
188.125: [Full GC (Ergonomics) [PSYoungGen: 462848K->462848K(924672K)] [ParOldGen: 2772955K->2772947K(2772992K)] 3235803K->3235795K(3697664K), [Metaspace: 3644K->3644K(1056768K)], 1.8713058 secs] [Times: user=14.75 sys=0.00, real=1.87 secs] 
189.997: [Full GC (Ergonomics) [PSYoungGen: 462848K->462848K(924672K)] [ParOldGen: 2772958K->2772950K(2772992K)] 3235806K->3235798K(3697664K), [Metaspace: 3644K->3644K(1056768K)], 1.8727946 secs] [Times: user=14.56 sys=0.00, real=1.87 secs] 
191.870: [Full GC (Ergonomics) [PSYoungGen: 462848K->462848K(924672K)] [ParOldGen: 2772961K->2772953K(2772992K)] 3235809K->3235801K(3697664K), [Metaspace: 3644K->3644K(1056768K)], 1.8752308 secs] [Times: user=14.78 sys=0.02, real=1.88 secs] 
193.745: [Full GC (Ergonomics) [PSYoungGen: 462848K->462848K(924672K)] [ParOldGen: 2772964K->2772957K(2772992K)] 3235812K->3235805K(3697664K), [Metaspace: 3644K->3644K(1056768K)], 1.8656803 secs] [Times: user=14.77 sys=0.00, real=1.87 secs] 
195.611: [Full GC (Ergonomics) [PSYoungGen: 462848K->462848K(924672K)] [ParOldGen: 2772967K->2772960K(2772992K)] 3235815K->3235808K(3697664K), [Metaspace: 3644K->3644K(1056768K)], 1.8647387 secs] [Times: user=14.58 sys=0.02, real=1.87 secs] 
197.476: [Full GC (Ergonomics) [PSYoungGen: 462848K->462848K(924672K)] [ParOldGen: 2772970K->2772963K(2772992K)] 3235818K->3235811K(3697664K), [Metaspace: 3644K->3644K(1056768K)], 1.8528560 secs] [Times: user=14.53 sys=0.00, real=1.85 secs] 
199.329: [Full GC (Ergonomics) [PSYoungGen: 462848K->462848K(924672K)] [ParOldGen: 2772973K->2772966K(2772992K)] 3235821K->3235814K(3697664K), [Metaspace: 3644K->3644K(1056768K)], 1.8641241 secs] [Times: user=14.20 sys=0.00, real=1.86 secs] 
201.193: [Full GC (Ergonomics) [PSYoungGen: 462848K->462848K(924672K)] [ParOldGen: 2772976K->2772969K(2772992K)] 3235824K->3235817K(3697664K), [Metaspace: 3644K->3644K(1056768K)], 1.9061544 secs] [Times: user=14.25 sys=0.03, real=1.90 secs] 
203.100: [Full GC (Ergonomics) [PSYoungGen: 462848K->462848K(924672K)] [ParOldGen: 2772979K->2772972K(2772992K)] 3235827K->3235820K(3697664K), [Metaspace: 3644K->3644K(1056768K)], 1.8619219 secs] [Times: user=14.53 sys=0.01, real=1.87 secs] 
204.962: [Full GC (Ergonomics) [PSYoungGen: 462848K->462848K(924672K)] [ParOldGen: 2772983K->2772975K(2772992K)] 3235831K->3235823K(3697664K), [Metaspace: 3644K->3644K(1056768K)], 1.8439876 secs] [Times: user=14.58 sys=0.00, real=1.84 secs] 
206.806: [Full GC (Ergonomics) [PSYoungGen: 462848K->462848K(924672K)] [ParOldGen: 2772986K->2772978K(2772992K)] 3235834K->3235826K(3697664K), [Metaspace: 3644K->3644K(1056768K)], 1.8484755 secs] [Times: user=14.55 sys=0.00, real=1.85 secs] 
208.655: [Full GC (Ergonomics) [PSYoungGen: 462848K->462848K(924672K)] [ParOldGen: 2772989K->2772981K(2772992K)] 3235837K->3235829K(3697664K), [Metaspace: 3644K->3644K(1056768K)], 1.8742246 secs] [Times: user=14.31 sys=0.00, real=1.88 secs] 
210.529: [Full GC (Ergonomics) [PSYoungGen: 462848K->462848K(924672K)] [ParOldGen: 2772991K->2772984K(2772992K)] 3235839K->3235832K(3697664K), [Metaspace: 3644K->3644K(1056768K)], 1.8502460 secs] [Times: user=14.34 sys=0.00, real=1.85 secs] 
212.380: [Full GC (Ergonomics) [PSYoungGen: 462848K->462848K(924672K)] [ParOldGen: 2772985K->2772984K(2772992K)] 3235833K->3235832K(3697664K), [Metaspace: 3644K->3644K(1056768K)], 1.8599525 secs] [Times: user=14.66 sys=0.00, real=1.86 secs] 
214.240: [Full GC (Ergonomics) [PSYoungGen: 462848K->462848K(924672K)] [ParOldGen: 2772991K->2772986K(2772992K)] 3235839K->3235834K(3697664K), [Metaspace: 3644K->3644K(1056768K)], 1.8353974 secs] [Times: user=14.50 sys=0.00, real=1.84 secs] 
216.076: [Full GC (Ergonomics) [PSYoungGen: 462848K->462848K(924672K)] [ParOldGen: 2772990K->2772987K(2772992K)] 3235838K->3235835K(3697664K), [Metaspace: 3644K->3644K(1056768K)], 1.8438801 secs] [Times: user=14.31 sys=0.00, real=1.84 secs] 
217.920: [Full GC (Ergonomics) [PSYoungGen: 462848K->462848K(924672K)] [ParOldGen: 2772991K->2772988K(2772992K)] 3235839K->3235836K(3697664K), [Metaspace: 3644K->3644K(1056768K)], 1.8301762 secs] [Times: user=14.44 sys=0.00, real=1.83 secs] 
219.750: [Full GC (Ergonomics) [PSYoungGen: 462848K->462848K(924672K)] [ParOldGen: 2772991K->2772989K(2772992K)] 3235839K->3235837K(3697664K), [Metaspace: 3644K->3644K(1056768K)], 1.8335887 secs] [Times: user=14.41 sys=0.00, real=1.83 secs] 
221.584: [Full GC (Ergonomics) [PSYoungGen: 462848K->462848K(924672K)] [ParOldGen: 2772991K->2772990K(2772992K)] 3235839K->3235838K(3697664K), [Metaspace: 3644K->3644K(1056768K)], 1.8388967 secs] [Times: user=14.45 sys=0.00, real=1.84 secs] 
223.423: [Full GC (Ergonomics) [PSYoungGen: 462848K->462848K(924672K)] [ParOldGen: 2772991K->2772990K(2772992K)] 3235839K->3235838K(3697664K), [Metaspace: 3644K->3644K(1056768K)], 1.8361533 secs] [Times: user=14.47 sys=0.02, real=1.84 secs] 
225.259: [Full GC (Ergonomics) [PSYoungGen: 462848K->462848K(924672K)] [ParOldGen: 2772991K->2772990K(2772992K)] 3235839K->3235838K(3697664K), [Metaspace: 3644K->3644K(1056768K)], 1.8371040 secs] [Times: user=14.45 sys=0.03, real=1.84 secs] 
227.097: [Full GC (Ergonomics) [PSYoungGen: 462848K->462848K(924672K)] [ParOldGen: 2772991K->2772991K(2772992K)] 3235839K->3235839K(3697664K), [Metaspace: 3644K->3644K(1056768K)], 1.8578090 secs] [Times: user=14.09 sys=0.00, real=1.86 secs] 
228.955: [Full GC (Ergonomics) [PSYoungGen: 462848K->462848K(924672K)] [ParOldGen: 2772991K->2772991K(2772992K)] 3235839K->3235839K(3697664K), [Metaspace: 3644K->3644K(1056768K)], 1.8705420 secs] [Times: user=14.00 sys=0.00, real=1.87 secs] 
230.825: [Full GC (Ergonomics) [PSYoungGen: 462848K->462848K(924672K)] [ParOldGen: 2772991K->2772991K(2772992K)] 3235839K->3235839K(3697664K), [Metaspace: 3644K->3644K(1056768K)], 1.8377234 secs] [Times: user=14.09 sys=0.02, real=1.83 secs] 
232.663: [Full GC (Allocation Failure) [PSYoungGen: 462848K->462848K(924672K)] [ParOldGen: 2772991K->2772991K(2772992K)] 3235839K->3235839K(3697664K), [Metaspace: 3644K->3644K(1056768K)], 1.8358308 secs] [Times: user=14.33 sys=0.00, real=1.84 secs] 
268.385: [Full GC (Ergonomics) [PSYoungGen: 462848K->462848K(924672K)] [ParOldGen: 2772991K->2772990K(2772992K)] 3235839K->3235838K(3697664K), [Metaspace: 3644K->3644K(1056768K)], 2.2092034 secs] [Times: user=11.13 sys=0.02, real=2.20 secs] 
270.667: [Full GC (Ergonomics) [PSYoungGen: 462848K->462848K(924672K)] [ParOldGen: 2772991K->2772990K(2772992K)] 3235839K->3235838K(3697664K), [Metaspace: 3645K->3645K(1056768K)], 1.4345595 secs] [Times: user=11.30 sys=0.00, real=1.43 secs] 
272.102: [Full GC (Ergonomics) [PSYoungGen: 462848K->462848K(924672K)] [ParOldGen: 2772991K->2772990K(2772992K)] 3235839K->3235838K(3697664K), [Metaspace: 3647K->3647K(1056768K)], 1.4730174 secs] [Times: user=11.00 sys=0.00, real=1.48 secs] 
273.577: [Full GC (Ergonomics) [PSYoungGen: 462848K->462848K(924672K)] [ParOldGen: 2772990K->2772990K(2772992K)] 3235838K->3235838K(3697664K), [Metaspace: 3648K->3648K(1056768K)], 1.5145401 secs] [Times: user=10.75 sys=0.00, real=1.51 secs] 
275.091: [Full GC (Allocation Failure) [PSYoungGen: 462848K->462848K(924672K)] [ParOldGen: 2772990K->2772990K(2772992K)] 3235838K->3235838K(3697664K), [Metaspace: 3648K->3648K(1056768K)], 1.5186724 secs] [Times: user=11.22 sys=0.00, real=1.51 secs] 
276.633: [Full GC (Ergonomics) [PSYoungGen: 462848K->462848K(924672K)] [ParOldGen: 2772991K->2772990K(2772992K)] 3235839K->3235838K(3697664K), [Metaspace: 3662K->3662K(1056768K)], 3.1443736 secs] [Times: user=21.28 sys=0.08, real=3.15 secs] 
279.777: [Full GC (Allocation Failure) [PSYoungGen: 462848K->462848K(924672K)] [ParOldGen: 2772990K->2772990K(2772992K)] 3235838K->3235838K(3697664K), [Metaspace: 3662K->3662K(1056768K)], 1.9044834 secs] [Times: user=13.84 sys=0.00, real=1.90 secs] 
281.682: [Full GC (Ergonomics) [PSYoungGen: 462848K->462848K(924672K)] [ParOldGen: 2772990K->2772990K(2772992K)] 3235838K->3235838K(3697664K), [Metaspace: 3667K->3667K(1056768K)], 2.1340853 secs] [Times: user=13.28 sys=0.05, real=2.14 secs] 
283.817: [Full GC (Ergonomics) [PSYoungGen: 462848K->462848K(924672K)] [ParOldGen: 2772992K->2772991K(2772992K)] 3235840K->3235839K(3697664K), [Metaspace: 3668K->3668K(1056768K)], 3.7240080 secs] [Times: user=19.64 sys=0.20, real=3.72 secs] 
287.541: [Full GC (Ergonomics) [PSYoungGen: 462848K->462848K(924672K)] [ParOldGen: 2772991K->2772991K(2772992K)] 3235839K->3235839K(3697664K), [Metaspace: 3668K->3668K(1056768K)], 1.9438940 secs] [Times: user=13.95 sys=0.06, real=1.94 secs] 
289.485: [Full GC (Allocation Failure) [PSYoungGen: 462848K->462848K(924672K)] [ParOldGen: 2772991K->2772991K(2772992K)] 3235839K->3235839K(3697664K), [Metaspace: 3668K->3668K(1056768K)], 2.0401930 secs] [Times: user=13.81 sys=0.02, real=2.04 secs] 
291.525: [Full GC (Ergonomics) [PSYoungGen: 462848K->462848K(924672K)] [ParOldGen: 2772991K->2772989K(2772992K)] 3235839K->3235837K(3697664K), [Metaspace: 3669K->3669K(1056768K)], 3.3165923 secs] [Times: user=21.77 sys=0.20, real=3.32 secs] 
294.843: [Full GC (Ergonomics) [PSYoungGen: 462848K->462848K(924672K)] [ParOldGen: 2772989K->2772989K(2772992K)] 3235837K->3235837K(3697664K), [Metaspace: 3669K->3669K(1056768K)], 1.9502008 secs] [Times: user=14.00 sys=0.00, real=1.95 secs] 
296.793: [Full GC (Allocation Failure) [PSYoungGen: 462848K->462848K(924672K)] [ParOldGen: 2772989K->2772989K(2772992K)] 3235837K->3235837K(3697664K), [Metaspace: 3669K->3669K(1056768K)], 1.9464425 secs] [Times: user=14.48 sys=0.06, real=1.95 secs] 
298.740: [Full GC (Ergonomics) [PSYoungGen: 462848K->462848K(924672K)] [ParOldGen: 2772990K->2772989K(2772992K)] 3235838K->3235837K(3697664K), [Metaspace: 3675K->3675K(1056768K)], 2.1238929 secs] [Times: user=13.23 sys=0.00, real=2.12 secs] 
Heap
 PSYoungGen      total 924672K, used 462848K [0x000000076b600000, 0x00000007c0000000, 0x00000007c0000000)
  eden space 462848K, 100% used [0x000000076b600000,0x0000000787a00000,0x0000000787a00000)
  from space 461824K, 0% used [0x00000007a3d00000,0x00000007a3d00000,0x00000007c0000000)
  to   space 461824K, 0% used [0x0000000787a00000,0x0000000787a00000,0x00000007a3d00000)
 ParOldGen       total 2772992K, used 2772989K [0x00000006c2200000, 0x000000076b600000, 0x000000076b600000)
  object space 2772992K, 99% used [0x00000006c2200000,0x000000076b5ff7c8,0x000000076b600000)
 Metaspace       used 3675K, capacity 4540K, committed 4864K, reserved 1056768K
  class space    used 407K, capacity 428K, committed 512K, reserved 1048576K
