Java HotSpot(TM) 64-Bit Server VM (25.221-b11) for windows-amd64 JRE (1.8.0_221-b11), built on Jul  4 2019 04:39:29 by "java_re" with MS VC++ 10.0 (VS2010)
Memory: 4k page, physical 16634836k(8576732k free), swap 17683412k(7356660k free)
CommandLine flags: -XX:+HeapDumpOnOutOfMemoryError -XX:InitialHeapSize=268435456 -XX:MaxHeapSize=4258518016 -XX:+PrintGC -XX:+PrintGCDetails -XX:+PrintGCTimeStamps -XX:+UseCompressedClassPointers -XX:+UseCompressedOops -XX:-UseGCOverheadLimit -XX:-UseLargePagesIndividualAllocation -XX:+UseParallelGC 
0.220: [GC (Allocation Failure) [PSYoungGen: 65536K->10747K(76288K)] 65536K->18555K(251392K), 0.0059972 secs] [Times: user=0.08 sys=0.05, real=0.01 secs] 
0.246: [GC (Allocation Failure) [PSYoungGen: 76283K->10747K(141824K)] 84091K->37827K(316928K), 0.0093582 secs] [Times: user=0.02 sys=0.00, real=0.01 secs] 
Heap
 PSYoungGen      total 141824K, used 26055K [0x000000076b600000, 0x0000000774b00000, 0x00000007c0000000)
  eden space 131072K, 11% used [0x000000076b600000,0x000000076c4f2ce0,0x0000000773600000)
  from space 10752K, 99% used [0x0000000774080000,0x0000000774afeff8,0x0000000774b00000)
  to   space 10752K, 0% used [0x0000000773600000,0x0000000773600000,0x0000000774080000)
 ParOldGen       total 175104K, used 27080K [0x00000006c2200000, 0x00000006ccd00000, 0x000000076b600000)
  object space 175104K, 15% used [0x00000006c2200000,0x00000006c3c72000,0x00000006ccd00000)
 Metaspace       used 4587K, capacity 4636K, committed 4992K, reserved 1056768K
  class space    used 495K, capacity 524K, committed 640K, reserved 1048576K
